// Jest Snapshot v1, https://goo.gl/fbAQLP

exports[`renders correctly 1`] = `
<View
  onLayout={[Function]}
  style={
    Array [
      Object {
        "backgroundColor": "transparent",
        "flex": 1,
        "position": "relative",
      },
      undefined,
    ]
  }
>
  <RCTScrollView
    activeDotStyle={
      Object {
        "backgroundColor": "#004E94",
        "borderRadius": 4,
        "height": 8,
        "width": 8,
      }
    }
    automaticallyAdjustContentInsets={false}
    autoplay={true}
    autoplayDirection={true}
    autoplayTimeout={5}
    bounces={false}
    contentContainerStyle={
      Array [
        Object {
          "backgroundColor": "transparent",
        },
        undefined,
      ]
    }
    contentOffset={
      Object {
        "x": 0,
      }
    }
    disableNextButton={false}
    disablePrevButton={false}
    dotStyle={
      Object {
        "backgroundColor": "#A5A5A7",
        "borderRadius": 2.5,
        "height": 5,
        "width": 5,
      }
    }
    horizontal={true}
    index={0}
    loadMinimal={true}
    loadMinimalSize={1}
    loop={true}
    onIndexChanged={[Function]}
    onMomentumScrollEnd={[Function]}
    onScrollBeginDrag={[Function]}
    onScrollEndDrag={[Function]}
    paginationStyle={
      Object {
        "bottom": -8,
      }
    }
    pagingEnabled={true}
    removeClippedSubviews={true}
    scrollsToTop={false}
    showsButtons={false}
    showsHorizontalScrollIndicator={false}
    showsPagination={true}
    showsVerticalScrollIndicator={false}
  >
    <View>
      <View
        style={
          Array [
            Object {
              "height": 1334,
              "width": 750,
            },
            Object {
              "backgroundColor": "transparent",
            },
          ]
        }
      />
    </View>
  </RCTScrollView>
</View>
`;
